    Finished `bench` profile [optimized] target(s) in 0.11s
     Running benches/baseline.rs (target/release/deps/baseline-3ae7dc67bc12605a)
Gnuplot not found, using plotters backend
dataset=campus_v1 entities=972 campuses=12 sha256=45a8aab09f1a4acca813c5d62a3314460268cba8c5cab8312609298ff3cb9739
query=marker expression="point and sensor and temp" matches=96
Benchmarking core_baseline/marker/cold/972
Benchmarking core_baseline/marker/cold/972: Warming up for 500.00 ms
Benchmarking core_baseline/marker/cold/972: Collecting 30 samples in estimated 2.5895 s (1395 iterations)
Benchmarking core_baseline/marker/cold/972: Analyzing
core_baseline/marker/cold/972
                        time:   [84.634 µs 84.910 µs 85.169 µs]
Found 4 outliers among 30 measurements (13.33%)
  3 (10.00%) high mild
  1 (3.33%) high severe
Benchmarking core_baseline/marker/ast_warm_result_cold/972
Benchmarking core_baseline/marker/ast_warm_result_cold/972: Warming up for 500.00 ms
Benchmarking core_baseline/marker/ast_warm_result_cold/972: Collecting 30 samples in estimated 2.7301 s (1395 iterations)
Benchmarking core_baseline/marker/ast_warm_result_cold/972: Analyzing
core_baseline/marker/ast_warm_result_cold/972
                        time:   [78.120 µs 78.550 µs 79.053 µs]
Found 1 outliers among 30 measurements (3.33%)
  1 (3.33%) high mild
Benchmarking core_baseline/marker/result_warm/972
Benchmarking core_baseline/marker/result_warm/972: Warming up for 500.00 ms
Benchmarking core_baseline/marker/result_warm/972: Collecting 30 samples in estimated 2.7046 s (1395 iterations)
Benchmarking core_baseline/marker/result_warm/972: Analyzing
core_baseline/marker/result_warm/972
                        time:   [44.049 µs 44.487 µs 45.050 µs]
Found 5 outliers among 30 measurements (16.67%)
  1 (3.33%) low mild
  2 (6.67%) high mild
  2 (6.67%) high severe
query=reference expression="point and sensor and (temp or pressure) and siteRef == @site-0" matches=16
Benchmarking core_baseline/reference/cold/972
Benchmarking core_baseline/reference/cold/972: Warming up for 500.00 ms
Benchmarking core_baseline/reference/cold/972: Collecting 30 samples in estimated 2.6120 s (1395 iterations)
Benchmarking core_baseline/reference/cold/972: Analyzing
core_baseline/reference/cold/972
                        time:   [62.012 µs 62.346 µs 62.738 µs]
Benchmarking core_baseline/reference/ast_warm_result_cold/972
Benchmarking core_baseline/reference/ast_warm_result_cold/972: Warming up for 500.00 ms
Benchmarking core_baseline/reference/ast_warm_result_cold/972: Collecting 30 samples in estimated 2.7408 s (1395 iterations)
Benchmarking core_baseline/reference/ast_warm_result_cold/972: Analyzing
core_baseline/reference/ast_warm_result_cold/972
                        time:   [53.937 µs 54.086 µs 54.260 µs]
Found 2 outliers among 30 measurements (6.67%)
  1 (3.33%) low mild
  1 (3.33%) high mild
Benchmarking core_baseline/reference/result_warm/972
Benchmarking core_baseline/reference/result_warm/972: Warming up for 500.00 ms
Benchmarking core_baseline/reference/result_warm/972: Collecting 30 samples in estimated 2.5827 s (1395 iterations)
Benchmarking core_baseline/reference/result_warm/972: Analyzing
core_baseline/reference/result_warm/972
                        time:   [7.4530 µs 7.5059 µs 7.5552 µs]
query=nested_reference expression="point and sensor and equipRef->ahu and equipRef->siteRef->geoCity == \"Portland\"" matches=90
Benchmarking core_baseline/nested_reference/cold/972
Benchmarking core_baseline/nested_reference/cold/972: Warming up for 500.00 ms
Benchmarking core_baseline/nested_reference/cold/972: Collecting 30 samples in estimated 2.7330 s (1395 iterations)
Benchmarking core_baseline/nested_reference/cold/972: Analyzing
core_baseline/nested_reference/cold/972
                        time:   [147.14 µs 147.67 µs 148.19 µs]
Found 2 outliers among 30 measurements (6.67%)
  1 (3.33%) low mild
  1 (3.33%) high severe
Benchmarking core_baseline/nested_reference/ast_warm_result_cold/972
Benchmarking core_baseline/nested_reference/ast_warm_result_cold/972: Warming up for 500.00 ms
Benchmarking core_baseline/nested_reference/ast_warm_result_cold/972: Collecting 30 samples in estimated 2.9308 s (1395 iterations)
Benchmarking core_baseline/nested_reference/ast_warm_result_cold/972: Analyzing
core_baseline/nested_reference/ast_warm_result_cold/972
                        time:   [136.87 µs 137.27 µs 137.65 µs]
Benchmarking core_baseline/nested_reference/result_warm/972
Benchmarking core_baseline/nested_reference/result_warm/972: Warming up for 500.00 ms
Benchmarking core_baseline/nested_reference/result_warm/972: Collecting 30 samples in estimated 2.8013 s (1395 iterations)
Benchmarking core_baseline/nested_reference/result_warm/972: Analyzing
core_baseline/nested_reference/result_warm/972
                        time:   [40.031 µs 40.181 µs 40.331 µs]
Found 3 outliers among 30 measurements (10.00%)
  1 (3.33%) low mild
  1 (3.33%) high mild
  1 (3.33%) high severe
mutation=move_site_zero query=nested_reference matches_after=75
Benchmarking core_baseline/mutation_then_nested_query/972
Benchmarking core_baseline/mutation_then_nested_query/972: Warming up for 500.00 ms
Benchmarking core_baseline/mutation_then_nested_query/972: Collecting 30 samples in estimated 2.0017 s (930 iterations)
Benchmarking core_baseline/mutation_then_nested_query/972: Analyzing
core_baseline/mutation_then_nested_query/972
                        time:   [132.99 µs 133.28 µs 133.62 µs]
Found 5 outliers among 30 measurements (16.67%)
  1 (3.33%) low severe
  1 (3.33%) low mild
  2 (6.67%) high mild
  1 (3.33%) high severe
dataset=campus_v1 entities=10125 campuses=125 sha256=d6606537aaeedc757954da4b98c24dc1da2095da93d7939d71a5fc787c6afebd
query=marker expression="point and sensor and temp" matches=1000
Benchmarking core_baseline/marker/cold/10125
Benchmarking core_baseline/marker/cold/10125: Warming up for 500.00 ms
Benchmarking core_baseline/marker/cold/10125: Collecting 30 samples in estimated 2.0026 s (90 iterations)
Benchmarking core_baseline/marker/cold/10125: Analyzing
core_baseline/marker/cold/10125
                        time:   [1.0555 ms 1.0704 ms 1.0862 ms]
Benchmarking core_baseline/marker/ast_warm_result_cold/10125
Benchmarking core_baseline/marker/ast_warm_result_cold/10125: Warming up for 500.00 ms
Benchmarking core_baseline/marker/ast_warm_result_cold/10125: Collecting 30 samples in estimated 2.0837 s (90 iterations)
Benchmarking core_baseline/marker/ast_warm_result_cold/10125: Analyzing
core_baseline/marker/ast_warm_result_cold/10125
                        time:   [828.05 µs 832.76 µs 838.01 µs]
Found 1 outliers among 30 measurements (3.33%)
  1 (3.33%) high mild
Benchmarking core_baseline/marker/result_warm/10125
Benchmarking core_baseline/marker/result_warm/10125: Warming up for 500.00 ms
Benchmarking core_baseline/marker/result_warm/10125: Collecting 30 samples in estimated 2.2739 s (90 iterations)
Benchmarking core_baseline/marker/result_warm/10125: Analyzing
core_baseline/marker/result_warm/10125
                        time:   [494.74 µs 496.94 µs 499.20 µs]
query=reference expression="point and sensor and (temp or pressure) and siteRef == @site-0" matches=16
Benchmarking core_baseline/reference/cold/10125
Benchmarking core_baseline/reference/cold/10125: Warming up for 500.00 ms
Benchmarking core_baseline/reference/cold/10125: Collecting 30 samples in estimated 2.5793 s (120 iterations)
Benchmarking core_baseline/reference/cold/10125: Analyzing
core_baseline/reference/cold/10125
                        time:   [711.63 µs 728.50 µs 746.18 µs]
Found 1 outliers among 30 measurements (3.33%)
  1 (3.33%) high mild
Benchmarking core_baseline/reference/ast_warm_result_cold/10125
Benchmarking core_baseline/reference/ast_warm_result_cold/10125: Warming up for 500.00 ms
Benchmarking core_baseline/reference/ast_warm_result_cold/10125: Collecting 30 samples in estimated 2.6330 s (120 iterations)
Benchmarking core_baseline/reference/ast_warm_result_cold/10125: Analyzing
core_baseline/reference/ast_warm_result_cold/10125
                        time:   [453.94 µs 457.09 µs 460.62 µs]
Found 1 outliers among 30 measurements (3.33%)
  1 (3.33%) high mild
Benchmarking core_baseline/reference/result_warm/10125
Benchmarking core_baseline/reference/result_warm/10125: Warming up for 500.00 ms
Benchmarking core_baseline/reference/result_warm/10125: Collecting 30 samples in estimated 2.6189 s (120 iterations)
Benchmarking core_baseline/reference/result_warm/10125: Analyzing
core_baseline/reference/result_warm/10125
                        time:   [8.8572 µs 8.9514 µs 9.0528 µs]
Found 3 outliers among 30 measurements (10.00%)
  3 (10.00%) high mild
query=nested_reference expression="point and sensor and equipRef->ahu and equipRef->siteRef->geoCity == \"Portland\"" matches=945
Benchmarking core_baseline/nested_reference/cold/10125
Benchmarking core_baseline/nested_reference/cold/10125: Warming up for 500.00 ms
Benchmarking core_baseline/nested_reference/cold/10125: Collecting 30 samples in estimated 2.0912 s (90 iterations)
Benchmarking core_baseline/nested_reference/cold/10125: Analyzing
core_baseline/nested_reference/cold/10125
                        time:   [2.0060 ms 2.0490 ms 2.0984 ms]
Found 4 outliers among 30 measurements (13.33%)
  3 (10.00%) high mild
  1 (3.33%) high severe
Benchmarking core_baseline/nested_reference/ast_warm_result_cold/10125
Benchmarking core_baseline/nested_reference/ast_warm_result_cold/10125: Warming up for 500.00 ms
Benchmarking core_baseline/nested_reference/ast_warm_result_cold/10125: Collecting 30 samples in estimated 2.2741 s (90 iterations)
Benchmarking core_baseline/nested_reference/ast_warm_result_cold/10125: Analyzing
core_baseline/nested_reference/ast_warm_result_cold/10125
                        time:   [1.5895 ms 1.6014 ms 1.6155 ms]
Found 4 outliers among 30 measurements (13.33%)
  1 (3.33%) low mild
  2 (6.67%) high mild
  1 (3.33%) high severe
Benchmarking core_baseline/nested_reference/result_warm/10125
Benchmarking core_baseline/nested_reference/result_warm/10125: Warming up for 500.00 ms
Benchmarking core_baseline/nested_reference/result_warm/10125: Collecting 30 samples in estimated 2.1961 s (90 iterations)
Benchmarking core_baseline/nested_reference/result_warm/10125: Analyzing
core_baseline/nested_reference/result_warm/10125
                        time:   [459.75 µs 462.86 µs 467.07 µs]
Found 3 outliers among 30 measurements (10.00%)
  1 (3.33%) low mild
  2 (6.67%) high severe
mutation=move_site_zero query=nested_reference matches_after=930
Benchmarking core_baseline/mutation_then_nested_query/10125
Benchmarking core_baseline/mutation_then_nested_query/10125: Warming up for 500.00 ms
Benchmarking core_baseline/mutation_then_nested_query/10125: Collecting 30 samples in estimated 2.3535 s (90 iterations)
Benchmarking core_baseline/mutation_then_nested_query/10125: Analyzing
core_baseline/mutation_then_nested_query/10125
                        time:   [1.5875 ms 1.6041 ms 1.6229 ms]
Found 5 outliers among 30 measurements (16.67%)
  4 (13.33%) high mild
  1 (3.33%) high severe

